event: card_created
data: {"id":"bc79249e-f56a-45ab-936f-870021340fe4","column_id":"4a34b423-4a23-44c5-8dd6-14b30a47ed72","text":"Test Card 3","position":2000,"created_at":"2026-06-17T16:44:03.209Z"}

event: card_created
data: {"id":"cf532bb1-26e6-49a3-aa5b-f2ba960ee5ca","column_id":"4a34b423-4a23-44c5-8dd6-14b30a47ed72","text":"Test Card 4","position":3000,"created_at":"2026-06-17T16:44:13.966Z"}

event: card_moved
data: {"id":"cf532bb1-26e6-49a3-aa5b-f2ba960ee5ca","column_id":"4a34b423-4a23-44c5-8dd6-14b30a47ed72","text":"Test Card 4","position":750,"created_at":"2026-06-17T16:44:13.966Z"}

event: card_moved
data: {"id":"bc79249e-f56a-45ab-936f-870021340fe4","column_id":"4a34b423-4a23-44c5-8dd6-14b30a47ed72","text":"Test Card 3","position":625,"created_at":"2026-06-17T16:44:03.209Z"}

event: card_moved
data: {"id":"cf532bb1-26e6-49a3-aa5b-f2ba960ee5ca","column_id":"4a34b423-4a23-44c5-8dd6-14b30a47ed72","text":"Test Card 4","position":562.5,"created_at":"2026-06-17T16:44:13.966Z"}

event: card_moved
data: {"id":"cf532bb1-26e6-49a3-aa5b-f2ba960ee5ca","column_id":"4a34b423-4a23-44c5-8dd6-14b30a47ed72","text":"Test Card 4","position":562.5,"created_at":"2026-06-17T16:44:13.966Z"}

event: card_moved
data: {"id":"bc79249e-f56a-45ab-936f-870021340fe4","column_id":"4a34b423-4a23-44c5-8dd6-14b30a47ed72","text":"Test Card 3","position":531.25,"created_at":"2026-06-17T16:44:03.209Z"}

event: card_moved
data: {"id":"cf532bb1-26e6-49a3-aa5b-f2ba960ee5ca","column_id":"4a34b423-4a23-44c5-8dd6-14b30a47ed72","text":"Test Card 4","position":515.625,"created_at":"2026-06-17T16:44:13.966Z"}

event: card_moved
data: {"id":"bc79249e-f56a-45ab-936f-870021340fe4","column_id":"4a34b423-4a23-44c5-8dd6-14b30a47ed72","text":"Test Card 3","position":507.8125,"created_at":"2026-06-17T16:44:03.209Z"}

event: card_moved
data: {"id":"cf532bb1-26e6-49a3-aa5b-f2ba960ee5ca","column_id":"4a34b423-4a23-44c5-8dd6-14b30a47ed72","text":"Test Card 4","position":503.90625,"created_at":"2026-06-17T16:44:13.966Z"}

event: card_moved
data: {"id":"bc79249e-f56a-45ab-936f-870021340fe4","column_id":"4a34b423-4a23-44c5-8dd6-14b30a47ed72","text":"Test Card 3","position":501.953125,"created_at":"2026-06-17T16:44:03.209Z"}

event: card_moved
data: {"id":"cf532bb1-26e6-49a3-aa5b-f2ba960ee5ca","column_id":"4a34b423-4a23-44c5-8dd6-14b30a47ed72","text":"Test Card 4","position":500.9765625,"created_at":"2026-06-17T16:44:13.966Z"}

event: card_moved
data: {"id":"bc79249e-f56a-45ab-936f-870021340fe4","column_id":"4a34b423-4a23-44c5-8dd6-14b30a47ed72","text":"Test Card 3","position":500.48828125,"created_at":"2026-06-17T16:44:03.209Z"}

event: card_moved
data: {"id":"cf532bb1-26e6-49a3-aa5b-f2ba960ee5ca","column_id":"4a34b423-4a23-44c5-8dd6-14b30a47ed72","text":"Test Card 4","position":500.244140625,"created_at":"2026-06-17T16:44:13.966Z"}

event: card_moved
data: {"id":"bc79249e-f56a-45ab-936f-870021340fe4","column_id":"4a34b423-4a23-44c5-8dd6-14b30a47ed72","text":"Test Card 3","position":500.1220703125,"created_at":"2026-06-17T16:44:03.209Z"}

event: card_moved
data: {"id":"cf532bb1-26e6-49a3-aa5b-f2ba960ee5ca","column_id":"4a34b423-4a23-44c5-8dd6-14b30a47ed72","text":"Test Card 4","position":500.06103515625,"created_at":"2026-06-17T16:44:13.966Z"}

event: card_moved
data: {"id":"bc79249e-f56a-45ab-936f-870021340fe4","column_id":"4a34b423-4a23-44c5-8dd6-14b30a47ed72","text":"Test Card 3","position":500.030517578125,"created_at":"2026-06-17T16:44:03.209Z"}

event: card_moved
data: {"id":"cf532bb1-26e6-49a3-aa5b-f2ba960ee5ca","column_id":"4a34b423-4a23-44c5-8dd6-14b30a47ed72","text":"Test Card 4","position":500.0152587890625,"created_at":"2026-06-17T16:44:13.966Z"}

event: card_event: card_moved
data: {"id":"cf532bb1-26e6-49a3-aa5b-f2ba960ee5ca","column_id":"4a34b423-4a23-44c5-8dd6-14b30a47ed72","text":"Test Card 4","position":500.0038146972656,"created_at":"2026-06-17T16:44:13.966Z"}

event: card_moved
data: {"id":"bc79249e-f56a-45ab-936f-870021340fe4","column_id":"4a34b423-4a23-44c5-8dd6-14b30a47ed72","text":"Test Card 3","position":500.0019073486328,"created_at":"2026-06-17T1Z"}

event: card_moved
data: {"id":"bc79249e-f56a-45ab-936f-870021340fe4","column_id":"4a34b423-4a23-44c5-8dd6-14b30a47ed72","text":"Test Card 3","position":500.0019073486328,"created_at":"2026-06-17T16:44:03.209Z"}

event: card_moved
data: {"id":"cf532bb1-26e6-49a3-aa5b-f2ba960ee5ca","column_id":"4a34b423-4a23-44c5-8dd6-14b30a47ed72","text":"Test Card 4","position":500.0009536743164,"created_at":"2026-06-17T16:44:13.966Z"}

event: column_renormalized
data: {"columnId":"4a34b423-4a23-44c5-8dd6-14b30a47ed72","cards":[{"id":"71f6dba2-1b0c-400d-a74a-421ac0efd351","column_id":"4a34b423-4a23-44c5-8dd6-14b30a47ed72","text":"Test Card 2","position":1000,"created_at":"2026-06-17T16:43:39.775Z"},{"id":"bc79249e-f56a-45ab-936f-870021340fe4","column_id":"4a34b423-4a23-44c5-8dd6-14b30a47ed72","text":"Test Card 3","position":2000,"created_at":"2026-06-17T16:44:03.209Z"},{"id":"cf532bb1-26e6-49a3-aa5b-f2ba960ee5ca","column_id":"4a34b423-4a23-44c5-8dd6-14b30a47ed72","text":"Test Card 4","position":3000,"created_at":"2026-06-17T16:44:13.966Z"},{"id":"e7e727ad-010a-4a61-be64-27706505c255","column_id":"4a34b423-4a23-44c5-8dd6-14b30a47ed72","text":"Test Card","position":4000,"created_at":"2026-06-17T16:43:36.665Z"}]}

event: card_moved
data: {"id":"cf532bb1-26e6-49a3-aa5b-f2ba960ee5ca","column_id":"4a34b423-4a23-44c5-8dd6-14b30a47ed72","text":"Test Card 4","position":1500,"created_at":"2026-06-17T16:44:13.966Z"}

event: card_moved
data: {"id":"bc79249e-f56a-45ab-936f-870021340fe4","column_id":"4a34b423-4a23-44c5-8dd6-14b30a47ed72","text":"Test Card 3","position":1250,"created_at":"2026-06-17T16:44:03.209Z"}

